// Jest Snapshot v1, https://goo.gl/fbAQLP

exports[`<GifItem></GifItem> snapshot 1`] = `
<div>
  <div
    class="card"
  >
    <img
      alt="Prueba"
      src="https://www.tumgir.com/tag/Julia%20Katsushika"
    />
    <p>
      Prueba
    </p>
  </div>
</div>
`;
